
=== 2026-08-21 12:55:02 ===
-- Lorca: trimestres nuevos?
PDFs descargados: 28 de 28
Traceback (most recent call last):
  File "/home/deploy/municipal-intel/lorca_menores_ingest.py", line 108, in <module>
    regs = parse_pdf(os.path.join(PDF_DIR, f))
           ^^^^^^^^^^^^^^^^^^^^^^^^^^^^^^^^^^^
  File "/home/deploy/municipal-intel/lorca_menores_ingest.py", line 36, in parse_pdf
    txt = subprocess.run(["pdftotext", "-layout", pdf, "-"], capture_output=True, text=True).stdout
          ^^^^^^^^^^^^^^^^^^^^^^^^^^^^^^^^^^^^^^^^^^^^^^^^^^^^^^^^^^^^^^^^^^^^^^^^^^^^^^^^^^
  File "/usr/lib/python3.12/subprocess.py", line 548, in run
    with Popen(*popenargs, **kwargs) as process:
         ^^^^^^^^^^^^^^^^^^^^^^^^^^^
  File "/usr/lib/python3.12/subprocess.py", line 1026, in __init__
    self._execute_child(args, executable, preexec_fn, close_fds,
  File "/usr/lib/python3.12/subprocess.py", line 1955, in _execute_child
    raise child_exception_type(errno_num, err_msg, err_filename)
FileNotFoundError: [Errno 2] No such file or directory: 'pdftotext'
PDFs publicados: 28 | ingeridos: 23 | nuevos: 5
NUEVOS trimestres: ['pdf/2019/Primer trimestre 2019.pdf', 'pdf/2019/segundo trimestre 2019.pdf', 'pdf/2021/Publicacion de Contratos Menores.pdf', 'pdf/2024/2-contratos-menores.pdf', 'pdf/2024/Publicacion de Contratos Menores.pdf']
Traceback (most recent call last):
  File "/home/deploy/municipal-intel/lorca_check_new.py", line 48, in <module>
    raise SystemExit(main())
                     ^^^^^^
  File "/home/deploy/municipal-intel/lorca_check_new.py", line 43, in main
    subprocess.run([sys.executable, INGEST], check=True)
  File "/usr/lib/python3.12/subprocess.py", line 571, in run
    raise CalledProcessError(retcode, process.args,
subprocess.CalledProcessError: Command '['/usr/bin/python3', '/home/deploy/municipal-intel/lorca_menores_ingest.py']' returned non-zero exit status 1.
-- INE: año nuevo?
INE año máximo: 2025 | BD año máximo: 2025
-- regeneración del sitio
catalogo: 8109
rankings.json OK
series: 8108 | fichero KB: 2679
index.html: 25 KB
OK: dashboard/ generado
lorca_intel.json guardado
paginas municipio generadas: 300
sitemap URLs: 303
acerca.html generado: 5 KB
regenerado OK (lorca_cambios=1 ine_cambios=0)

=== 2026-08-21 20:20:36 ===
-- Lorca: trimestres nuevos?
PDFs publicados: 28 | ingeridos: 28 | nuevos: 0
-- INE: año nuevo?
INE año máximo: 2025 | BD año máximo: 2025
-- regeneración del sitio
catalogo: 8109
rankings.json OK
series: 8108 | fichero KB: 2679
index.html: 31 KB
OK: dashboard/ generado
lorca_intel.json guardado
paginas municipio generadas: 8109
sitemap URLs: 8112
acerca.html generado: 6 KB
rss.xml generado: 42 items | 17987 bytes
regenerado OK (lorca_cambios=0 ine_cambios=0)
{"ok": true, "enviadas": []}alertas notificadas

=== 2026-08-22 05:30:02 ===
-- Lorca: trimestres nuevos?
PDFs publicados: 28 | ingeridos: 28 | nuevos: 0
-- INE: año nuevo?
INE año máximo: 2025 | BD año máximo: 2025
-- regeneración del sitio
catalogo: 8109
rankings.json OK
series: 8108 | fichero KB: 2679
index.html: 31 KB
OK: dashboard/ generado
lorca_intel.json guardado
paginas municipio generadas: 8109
sitemap URLs: 8112
acerca.html generado: 6 KB
rss.xml generado: 42 items | 17987 bytes
paginas editoriales generadas: 103
sitemap actualizado con 103 URLs editoriales
regenerado OK (lorca_cambios=0 ine_cambios=0)
{"ok": true, "enviadas": ["miguelcastillo@gmail.com/30024", "mcasrom@gmail.com/46214"]}alertas notificadas

=== 2026-08-23 05:30:01 ===
-- Lorca: trimestres nuevos?
PDFs publicados: 28 | ingeridos: 28 | nuevos: 0
-- INE: año nuevo?
INE año máximo: 2025 | BD año máximo: 2025
-- regeneración del sitio
export CSV OK: 235376 filas, 8136 municipios, 9.1 MB
total Espana 2025: 49,114,494
catalogo: 8109
rankings.json OK
series: 8108 | fichero KB: 2679
index.html: 32 KB
OK: dashboard/ generado
lorca_intel.json generado
OK ficha_lorca.html | 12 KB | menores: 9960 | gasto: 16.793.078
OK ficha_malaga.html | 8 KB | menores: 1950 | gasto: 15.068.270
fichas generadas: 2
Traceback (most recent call last):
  File "/home/deploy/municipal-intel/gen_og_dinamico.py", line 14, in <module>
    raw = open("spain_path.txt").read()
          ^^^^^^^^^^^^^^^^^^^^^^
FileNotFoundError: [Errno 2] No such file or directory: 'spain_path.txt'
paginas municipio generadas: 8109
sitemap URLs: 8114
acerca.html generado: 6 KB
rss.xml generado: 42 items | 17987 bytes
paginas editoriales generadas: 103
sitemap actualizado con 103 URLs editoriales
regenerado OK (lorca_cambios=0 ine_cambios=0)
{"ok": true, "enviadas": []}alertas notificadas

=== 2026-08-24 05:30:01 ===
-- Lorca: trimestres nuevos?
PDFs publicados: 28 | ingeridos: 28 | nuevos: 0
-- INE: año nuevo?
INE año máximo: 2025 | BD año máximo: 2025
-- regeneración del sitio
export CSV OK: 235376 filas, 8127 municipios, 9.1 MB
total Espana 2025: 49,114,494
catalogo: 8109
rankings.json OK
series: 8108 | fichero KB: 2679
index.html: 32 KB
OK: dashboard/ generado
lorca_intel.json generado
OK ficha_lorca.html | 12 KB | menores: 9960 | gasto: 16.793.078
OK ficha_malaga.html | 8 KB | menores: 1950 | gasto: 15.068.270
fichas generadas: 2
Traceback (most recent call last):
  File "/home/deploy/municipal-intel/gen_og_dinamico.py", line 14, in <module>
    raw = open("spain_path.txt").read()
          ^^^^^^^^^^^^^^^^^^^^^^
FileNotFoundError: [Errno 2] No such file or directory: 'spain_path.txt'
paginas municipio generadas: 8109
sitemap URLs: 8114
acerca.html generado: 6 KB
rss.xml generado: 42 items | 17987 bytes
paginas editoriales generadas: 103
sitemap actualizado con 103 URLs editoriales
regenerado OK (lorca_cambios=0 ine_cambios=0)
{"ok": true, "enviadas": []}alertas notificadas

=== 2026-08-25 05:30:02 ===
-- Lorca: trimestres nuevos?
PDFs publicados: 28 | ingeridos: 28 | nuevos: 0
-- INE: año nuevo?
INE año máximo: 2025 | BD año máximo: 2025
-- regeneración del sitio
export CSV OK: 235376 filas, 8127 municipios, 9.1 MB
total Espana 2025: 49,114,494
python3: can't open file '/home/deploy/municipal-intel/gen_export_dataset.py': [Errno 2] No such file or directory
catalogo: 8109
rankings.json OK
series: 8108 | fichero KB: 2679
index.html: 32 KB
OK: dashboard/ generado
lorca_intel.json generado
OK ficha_lorca.html | 12 KB | menores: 9960 | gasto: 16.793.078
OK ficha_malaga.html | 7 KB | menores: 1950 | gasto: 15.068.270
fichas generadas: 2
Traceback (most recent call last):
  File "/home/deploy/municipal-intel/gen_og_dinamico.py", line 14, in <module>
    raw = open("spain_path.txt").read()
          ^^^^^^^^^^^^^^^^^^^^^^
FileNotFoundError: [Errno 2] No such file or directory: 'spain_path.txt'
paginas municipio generadas: 8109
sitemap URLs: 8114
acerca.html generado: 6 KB
rss.xml generado: 42 items | 17987 bytes
paginas editoriales generadas: 103
sitemap actualizado con 114 URLs editoriales
regenerado OK (lorca_cambios=0 ine_cambios=0)
{"ok": true, "enviadas": []}alertas notificadas

=== 2026-08-26 05:30:01 ===
-- Lorca: trimestres nuevos?
PDFs publicados: 28 | ingeridos: 28 | nuevos: 0
-- INE: año nuevo?
INE año máximo: 2025 | BD año máximo: 2025
-- regeneración del sitio
export CSV OK: 235376 filas, 8127 municipios, 9.1 MB
total Espana 2025: 49,114,494
python3: can't open file '/home/deploy/municipal-intel/gen_export_dataset.py': [Errno 2] No such file or directory
catalogo: 8109
rankings.json OK
series: 8108 | fichero KB: 2679
index.html: 33 KB
OK: dashboard/ generado
lorca_intel.json generado
OK ficha_lorca.html | 12 KB | menores: 9960 | gasto: 16.793.078
OK ficha_malaga.html | 7 KB | menores: 1950 | gasto: 15.068.270
fichas generadas: 2
Traceback (most recent call last):
  File "/home/deploy/municipal-intel/gen_og_dinamico.py", line 14, in <module>
    raw = open("spain_path.txt").read()
          ^^^^^^^^^^^^^^^^^^^^^^
FileNotFoundError: [Errno 2] No such file or directory: 'spain_path.txt'
paginas municipio generadas: 8109
sitemap URLs: 8114
acerca.html generado: 6 KB
rss.xml generado: 42 items | 17987 bytes
paginas editoriales generadas: 103
sitemap actualizado con 114 URLs editoriales
regenerado OK (lorca_cambios=0 ine_cambios=0)
{"ok": true, "enviadas": []}alertas notificadas

=== 2026-08-27 05:30:01 ===
-- Lorca: trimestres nuevos?
PDFs publicados: 28 | ingeridos: 28 | nuevos: 0
-- INE: año nuevo?
INE año máximo: 2025 | BD año máximo: 2025
-- regeneración del sitio
export CSV OK: 235376 filas, 8127 municipios, 9.1 MB
total Espana 2025: 49,114,494
python3: can't open file '/home/deploy/municipal-intel/gen_export_dataset.py': [Errno 2] No such file or directory
catalogo: 8109
rankings.json OK
series: 8108 | fichero KB: 2679
index.html: 33 KB
OK: dashboard/ generado
lorca_intel.json generado
OK ficha_lorca.html | 12 KB | menores: 9960 | gasto: 16.793.078
OK ficha_malaga.html | 7 KB | menores: 1950 | gasto: 15.068.270
fichas generadas: 2
Traceback (most recent call last):
  File "/home/deploy/municipal-intel/gen_og_dinamico.py", line 14, in <module>
    raw = open("spain_path.txt").read()
          ^^^^^^^^^^^^^^^^^^^^^^
FileNotFoundError: [Errno 2] No such file or directory: 'spain_path.txt'
paginas municipio generadas: 8109
sitemap URLs: 8114
acerca.html generado: 6 KB
rss.xml generado: 42 items | 17987 bytes
paginas editoriales generadas: 103
sitemap actualizado con 114 URLs editoriales
regenerado OK (lorca_cambios=0 ine_cambios=0)
{"ok": true, "enviadas": []}alertas notificadas

=== 2026-08-28 05:30:02 ===
-- Lorca: trimestres nuevos?
PDFs publicados: 28 | ingeridos: 28 | nuevos: 0
-- INE: año nuevo?
INE año máximo: 2025 | BD año máximo: 2025
-- regeneración del sitio
export CSV OK: 235376 filas, 8127 municipios, 9.1 MB
total Espana 2025: 49,114,494
python3: can't open file '/home/deploy/municipal-intel/gen_export_dataset.py': [Errno 2] No such file or directory
catalogo: 8109
rankings.json OK
series: 8108 | fichero KB: 2679
index.html: 33 KB
OK: dashboard/ generado
lorca_intel.json generado
OK ficha_lorca.html | 12 KB | menores: 9960 | gasto: 16.793.078
OK ficha_malaga.html | 7 KB | menores: 1950 | gasto: 15.068.270
fichas generadas: 2
Traceback (most recent call last):
  File "/home/deploy/municipal-intel/gen_og_dinamico.py", line 14, in <module>
    raw = open("spain_path.txt").read()
          ^^^^^^^^^^^^^^^^^^^^^^
FileNotFoundError: [Errno 2] No such file or directory: 'spain_path.txt'
paginas municipio generadas: 8109
sitemap URLs: 8114
acerca.html generado: 6 KB
rss.xml generado: 42 items | 17987 bytes
paginas editoriales generadas: 103
sitemap actualizado con 114 URLs editoriales
regenerado OK (lorca_cambios=0 ine_cambios=0)
{"ok": true, "enviadas": []}alertas notificadas

=== 2026-08-29 05:30:01 ===
-- Lorca: trimestres nuevos?
PDFs publicados: 28 | ingeridos: 28 | nuevos: 0
-- INE: año nuevo?
INE año máximo: 2025 | BD año máximo: 2025
-- regeneración del sitio
export CSV OK: 235376 filas, 8127 municipios, 9.1 MB
total Espana 2025: 49,114,494
python3: can't open file '/home/deploy/municipal-intel/gen_export_dataset.py': [Errno 2] No such file or directory
catalogo: 8109
rankings.json OK
series: 8108 | fichero KB: 2679
index.html: 33 KB
OK: dashboard/ generado
lorca_intel.json generado
OK ficha_lorca.html | 12 KB | menores: 9960 | gasto: 16.793.078
OK ficha_malaga.html | 7 KB | menores: 1950 | gasto: 15.068.270
fichas generadas: 2
Traceback (most recent call last):
  File "/home/deploy/municipal-intel/gen_og_dinamico.py", line 14, in <module>
    raw = open("spain_path.txt").read()
          ^^^^^^^^^^^^^^^^^^^^^^
FileNotFoundError: [Errno 2] No such file or directory: 'spain_path.txt'
paginas municipio generadas: 8109
sitemap URLs: 8114
acerca.html generado: 6 KB
rss.xml generado: 42 items | 17987 bytes
paginas editoriales generadas: 103
sitemap actualizado con 114 URLs editoriales
regenerado OK (lorca_cambios=0 ine_cambios=0)
{"ok": true, "enviadas": []}alertas notificadas

=== 2026-08-30 05:30:01 ===
-- Lorca: trimestres nuevos?
PDFs publicados: 28 | ingeridos: 28 | nuevos: 0
-- INE: año nuevo?
INE año máximo: 2025 | BD año máximo: 2025
-- regeneración del sitio
export CSV OK: 235376 filas, 8127 municipios, 9.1 MB
total Espana 2025: 49,114,494
python3: can't open file '/home/deploy/municipal-intel/gen_export_dataset.py': [Errno 2] No such file or directory
catalogo: 8109
rankings.json OK
series: 8108 | fichero KB: 2679
index.html: 33 KB
OK: dashboard/ generado
lorca_intel.json generado
OK ficha_lorca.html | 12 KB | menores: 9960 | gasto: 16.793.078
OK ficha_malaga.html | 7 KB | menores: 1950 | gasto: 15.068.270
fichas generadas: 2
Traceback (most recent call last):
  File "/home/deploy/municipal-intel/gen_og_dinamico.py", line 14, in <module>
    raw = open("spain_path.txt").read()
          ^^^^^^^^^^^^^^^^^^^^^^
FileNotFoundError: [Errno 2] No such file or directory: 'spain_path.txt'
paginas municipio generadas: 8109
sitemap URLs: 8114
acerca.html generado: 6 KB
rss.xml generado: 42 items | 17987 bytes
paginas editoriales generadas: 103
sitemap actualizado con 114 URLs editoriales
regenerado OK (lorca_cambios=0 ine_cambios=0)
{"ok": true, "enviadas": []}alertas notificadas

=== 2026-08-31 05:30:01 ===
-- Lorca: trimestres nuevos?
PDFs publicados: 28 | ingeridos: 28 | nuevos: 0
-- INE: año nuevo?
INE año máximo: 2025 | BD año máximo: 2025
-- regeneración del sitio
export CSV OK: 235376 filas, 8127 municipios, 9.1 MB
total Espana 2025: 49,114,494
python3: can't open file '/home/deploy/municipal-intel/gen_export_dataset.py': [Errno 2] No such file or directory
catalogo: 8109
rankings.json OK
series: 8108 | fichero KB: 2679
index.html: 33 KB
OK: dashboard/ generado
lorca_intel.json generado
OK ficha_lorca.html | 12 KB | menores: 9960 | gasto: 16.793.078
OK ficha_malaga.html | 7 KB | menores: 1950 | gasto: 15.068.270
fichas generadas: 2
Traceback (most recent call last):
  File "/home/deploy/municipal-intel/gen_og_dinamico.py", line 14, in <module>
    raw = open("spain_path.txt").read()
          ^^^^^^^^^^^^^^^^^^^^^^
FileNotFoundError: [Errno 2] No such file or directory: 'spain_path.txt'
paginas municipio generadas: 8109
sitemap URLs: 8114
acerca.html generado: 6 KB
rss.xml generado: 42 items | 17987 bytes
paginas editoriales generadas: 103
sitemap actualizado con 114 URLs editoriales
regenerado OK (lorca_cambios=0 ine_cambios=0)
{"ok": true, "enviadas": []}alertas notificadas

=== 2026-09-01 05:30:02 ===
-- Lorca: trimestres nuevos?
PDFs publicados: 28 | ingeridos: 28 | nuevos: 0
-- INE: año nuevo?
INE año máximo: 2025 | BD año máximo: 2025
-- regeneración del sitio
export CSV OK: 235376 filas, 8127 municipios, 9.1 MB
total Espana 2025: 49,114,494
python3: can't open file '/home/deploy/municipal-intel/gen_export_dataset.py': [Errno 2] No such file or directory
catalogo: 8109
rankings.json OK
series: 8108 | fichero KB: 2679
index.html: 33 KB
OK: dashboard/ generado
lorca_intel.json generado
OK ficha_lorca.html | 12 KB | menores: 9960 | gasto: 16.793.078
OK ficha_malaga.html | 7 KB | menores: 1950 | gasto: 15.068.270
fichas generadas: 2
Traceback (most recent call last):
  File "/home/deploy/municipal-intel/gen_og_dinamico.py", line 14, in <module>
    raw = open("spain_path.txt").read()
          ^^^^^^^^^^^^^^^^^^^^^^
FileNotFoundError: [Errno 2] No such file or directory: 'spain_path.txt'
paginas municipio generadas: 8109
sitemap URLs: 8114
acerca.html generado: 6 KB
rss.xml generado: 42 items | 17987 bytes
paginas editoriales generadas: 103
sitemap actualizado con 114 URLs editoriales
regenerado OK (lorca_cambios=0 ine_cambios=0)
{"ok": true, "enviadas": []}alertas notificadas

=== 2026-09-02 05:30:02 ===
-- Lorca: trimestres nuevos?
PDFs publicados: 28 | ingeridos: 28 | nuevos: 0
-- INE: año nuevo?
INE año máximo: 2025 | BD año máximo: 2025
-- regeneración del sitio
export CSV OK: 235376 filas, 8127 municipios, 9.1 MB
total Espana 2025: 49,114,494
python3: can't open file '/home/deploy/municipal-intel/gen_export_dataset.py': [Errno 2] No such file or directory
catalogo: 8109
rankings.json OK
series: 8108 | fichero KB: 2679
index.html: 33 KB
OK: dashboard/ generado
lorca_intel.json generado
OK ficha_lorca.html | 12 KB | menores: 9960 | gasto: 16.793.078
OK ficha_malaga.html | 7 KB | menores: 1950 | gasto: 15.068.270
fichas generadas: 2
Traceback (most recent call last):
  File "/home/deploy/municipal-intel/gen_og_dinamico.py", line 14, in <module>
    raw = open("spain_path.txt").read()
          ^^^^^^^^^^^^^^^^^^^^^^
FileNotFoundError: [Errno 2] No such file or directory: 'spain_path.txt'
paginas municipio generadas: 8109
sitemap URLs: 8114
acerca.html generado: 6 KB
rss.xml generado: 42 items | 17987 bytes
paginas editoriales generadas: 103
sitemap actualizado con 114 URLs editoriales
regenerado OK (lorca_cambios=0 ine_cambios=0)
{"ok": true, "enviadas": []}alertas notificadas

=== 2026-09-03 05:30:02 ===
-- Lorca: trimestres nuevos?
PDFs publicados: 28 | ingeridos: 28 | nuevos: 0
-- INE: año nuevo?
INE año máximo: 2025 | BD año máximo: 2025
-- regeneración del sitio
export CSV OK: 235376 filas, 8127 municipios, 9.1 MB
total Espana 2025: 49,114,494
python3: can't open file '/home/deploy/municipal-intel/gen_export_dataset.py': [Errno 2] No such file or directory
catalogo: 8109
rankings.json OK
series: 8108 | fichero KB: 2679
index.html: 33 KB
OK: dashboard/ generado
lorca_intel.json generado
OK ficha_lorca.html | 12 KB | menores: 9960 | gasto: 16.793.078
OK ficha_malaga.html | 7 KB | menores: 1950 | gasto: 15.068.270
fichas generadas: 2
Traceback (most recent call last):
  File "/home/deploy/municipal-intel/gen_og_dinamico.py", line 14, in <module>
    raw = open("spain_path.txt").read()
          ^^^^^^^^^^^^^^^^^^^^^^
FileNotFoundError: [Errno 2] No such file or directory: 'spain_path.txt'
paginas municipio generadas: 8109
sitemap URLs: 8114
acerca.html generado: 6 KB
rss.xml generado: 42 items | 17987 bytes
paginas editoriales generadas: 103
sitemap actualizado con 114 URLs editoriales
regenerado OK (lorca_cambios=0 ine_cambios=0)
{"ok": true, "enviadas": []}alertas notificadas

=== 2026-09-04 05:30:01 ===
-- Lorca: trimestres nuevos?
PDFs publicados: 28 | ingeridos: 28 | nuevos: 0
-- INE: año nuevo?
INE año máximo: 2025 | BD año máximo: 2025
-- regeneración del sitio
export CSV OK: 235376 filas, 8127 municipios, 9.1 MB
total Espana 2025: 49,114,494
python3: can't open file '/home/deploy/municipal-intel/gen_export_dataset.py': [Errno 2] No such file or directory
catalogo: 8109
rankings.json OK
series: 8108 | fichero KB: 2679
index.html: 33 KB
OK: dashboard/ generado
lorca_intel.json generado
OK ficha_lorca.html | 12 KB | menores: 9960 | gasto: 16.793.078
OK ficha_malaga.html | 7 KB | menores: 1950 | gasto: 15.068.270
fichas generadas: 2
Traceback (most recent call last):
  File "/home/deploy/municipal-intel/gen_og_dinamico.py", line 14, in <module>
    raw = open("spain_path.txt").read()
          ^^^^^^^^^^^^^^^^^^^^^^
FileNotFoundError: [Errno 2] No such file or directory: 'spain_path.txt'
paginas municipio generadas: 8109
sitemap URLs: 8114
acerca.html generado: 6 KB
rss.xml generado: 42 items | 17987 bytes
paginas editoriales generadas: 103
sitemap actualizado con 114 URLs editoriales
regenerado OK (lorca_cambios=0 ine_cambios=0)
{"ok": true, "enviadas": []}alertas notificadas

=== 2026-09-05 05:30:01 ===
-- Lorca: trimestres nuevos?
PDFs publicados: 28 | ingeridos: 28 | nuevos: 0
-- INE: año nuevo?
INE año máximo: 2025 | BD año máximo: 2025
-- regeneración del sitio
export CSV OK: 235376 filas, 8127 municipios, 9.1 MB
total Espana 2025: 49,114,494
python3: can't open file '/home/deploy/municipal-intel/gen_export_dataset.py': [Errno 2] No such file or directory
catalogo: 8109
rankings.json OK
series: 8108 | fichero KB: 2679
index.html: 33 KB
OK: dashboard/ generado
lorca_intel.json generado
OK ficha_lorca.html | 12 KB | menores: 9960 | gasto: 16.793.078
OK ficha_malaga.html | 7 KB | menores: 1950 | gasto: 15.068.270
fichas generadas: 2
Traceback (most recent call last):
  File "/home/deploy/municipal-intel/gen_og_dinamico.py", line 14, in <module>
    raw = open("spain_path.txt").read()
          ^^^^^^^^^^^^^^^^^^^^^^
FileNotFoundError: [Errno 2] No such file or directory: 'spain_path.txt'
paginas municipio generadas: 8109
sitemap URLs: 8114
acerca.html generado: 6 KB
rss.xml generado: 42 items | 17987 bytes
paginas editoriales generadas: 103
sitemap actualizado con 114 URLs editoriales
regenerado OK (lorca_cambios=0 ine_cambios=0)
{"ok": true, "enviadas": []}alertas notificadas

=== 2026-09-06 05:30:01 ===
-- Lorca: trimestres nuevos?
PDFs publicados: 28 | ingeridos: 28 | nuevos: 0
-- INE: año nuevo?
INE año máximo: 2025 | BD año máximo: 2025
-- regeneración del sitio
export CSV OK: 235376 filas, 8127 municipios, 9.1 MB
total Espana 2025: 49,114,494
python3: can't open file '/home/deploy/municipal-intel/gen_export_dataset.py': [Errno 2] No such file or directory
catalogo: 8109
rankings.json OK
series: 8108 | fichero KB: 2679
index.html: 33 KB
OK: dashboard/ generado
lorca_intel.json generado
OK ficha_lorca.html | 12 KB | menores: 9960 | gasto: 16.793.078
OK ficha_malaga.html | 7 KB | menores: 1950 | gasto: 15.068.270
fichas generadas: 2
Traceback (most recent call last):
  File "/home/deploy/municipal-intel/gen_og_dinamico.py", line 14, in <module>
    raw = open("spain_path.txt").read()
          ^^^^^^^^^^^^^^^^^^^^^^
FileNotFoundError: [Errno 2] No such file or directory: 'spain_path.txt'
paginas municipio generadas: 8109
sitemap URLs: 8114
acerca.html generado: 6 KB
rss.xml generado: 42 items | 17987 bytes
paginas editoriales generadas: 103
sitemap actualizado con 114 URLs editoriales
regenerado OK (lorca_cambios=0 ine_cambios=0)
{"ok": true, "enviadas": []}alertas notificadas

=== 2026-09-07 05:30:01 ===
-- Lorca: trimestres nuevos?
PDFs publicados: 28 | ingeridos: 28 | nuevos: 0
-- INE: año nuevo?
INE año máximo: 2025 | BD año máximo: 2025
-- regeneración del sitio
export CSV OK: 235376 filas, 8127 municipios, 9.1 MB
total Espana 2025: 49,114,494
python3: can't open file '/home/deploy/municipal-intel/gen_export_dataset.py': [Errno 2] No such file or directory
catalogo: 8109
rankings.json OK
series: 8108 | fichero KB: 2679
index.html: 33 KB
OK: dashboard/ generado
lorca_intel.json generado
OK ficha_lorca.html | 12 KB | menores: 9960 | gasto: 16.793.078
OK ficha_malaga.html | 7 KB | menores: 1950 | gasto: 15.068.270
fichas generadas: 2
Traceback (most recent call last):
  File "/home/deploy/municipal-intel/gen_og_dinamico.py", line 14, in <module>
    raw = open("spain_path.txt").read()
          ^^^^^^^^^^^^^^^^^^^^^^
FileNotFoundError: [Errno 2] No such file or directory: 'spain_path.txt'
paginas municipio generadas: 8109
sitemap URLs: 8114
acerca.html generado: 6 KB
rss.xml generado: 42 items | 17987 bytes
paginas editoriales generadas: 103
sitemap actualizado con 114 URLs editoriales
regenerado OK (lorca_cambios=0 ine_cambios=0)
{"ok": true, "enviadas": []}alertas notificadas

=== 2026-09-08 05:30:01 ===
-- Lorca: trimestres nuevos?
PDFs publicados: 28 | ingeridos: 28 | nuevos: 0
-- INE: año nuevo?
INE año máximo: 2025 | BD año máximo: 2025
-- regeneración del sitio
export CSV OK: 235376 filas, 8127 municipios, 9.1 MB
total Espana 2025: 49,114,494
python3: can't open file '/home/deploy/municipal-intel/gen_export_dataset.py': [Errno 2] No such file or directory
catalogo: 8109
rankings.json OK
series: 8108 | fichero KB: 2679
index.html: 33 KB
OK: dashboard/ generado
lorca_intel.json generado
OK ficha_lorca.html | 12 KB | menores: 9960 | gasto: 16.793.078
OK ficha_malaga.html | 7 KB | menores: 1950 | gasto: 15.068.270
fichas generadas: 2
Traceback (most recent call last):
  File "/home/deploy/municipal-intel/gen_og_dinamico.py", line 14, in <module>
    raw = open("spain_path.txt").read()
          ^^^^^^^^^^^^^^^^^^^^^^
FileNotFoundError: [Errno 2] No such file or directory: 'spain_path.txt'
paginas municipio generadas: 8109
sitemap URLs: 8114
acerca.html generado: 6 KB
rss.xml generado: 42 items | 17987 bytes
paginas editoriales generadas: 103
sitemap actualizado con 114 URLs editoriales
regenerado OK (lorca_cambios=0 ine_cambios=0)
{"ok": true, "enviadas": []}alertas notificadas

=== 2026-09-09 05:30:01 ===
-- Lorca: trimestres nuevos?
PDFs publicados: 28 | ingeridos: 28 | nuevos: 0
-- INE: año nuevo?
INE año máximo: 2025 | BD año máximo: 2025
-- regeneración del sitio
export CSV OK: 235376 filas, 8127 municipios, 9.1 MB
total Espana 2025: 49,114,494
python3: can't open file '/home/deploy/municipal-intel/gen_export_dataset.py': [Errno 2] No such file or directory
catalogo: 8109
rankings.json OK
series: 8108 | fichero KB: 2679
index.html: 33 KB
OK: dashboard/ generado
lorca_intel.json generado
OK ficha_lorca.html | 12 KB | menores: 9960 | gasto: 16.793.078
OK ficha_malaga.html | 7 KB | menores: 1950 | gasto: 15.068.270
fichas generadas: 2
Traceback (most recent call last):
  File "/home/deploy/municipal-intel/gen_og_dinamico.py", line 14, in <module>
    raw = open("spain_path.txt").read()
          ^^^^^^^^^^^^^^^^^^^^^^
FileNotFoundError: [Errno 2] No such file or directory: 'spain_path.txt'
paginas municipio generadas: 8109
sitemap URLs: 8114
acerca.html generado: 6 KB
rss.xml generado: 42 items | 17987 bytes
paginas editoriales generadas: 103
sitemap actualizado con 114 URLs editoriales
regenerado OK (lorca_cambios=0 ine_cambios=0)
{"ok": true, "enviadas": []}alertas notificadas

=== 2026-09-10 05:30:01 ===
-- Lorca: trimestres nuevos?
PDFs publicados: 28 | ingeridos: 28 | nuevos: 0
-- INE: año nuevo?
INE año máximo: 2025 | BD año máximo: 2025
-- regeneración del sitio
export CSV OK: 235376 filas, 8127 municipios, 9.1 MB
total Espana 2025: 49,114,494
python3: can't open file '/home/deploy/municipal-intel/gen_export_dataset.py': [Errno 2] No such file or directory
catalogo: 8109
rankings.json OK
series: 8108 | fichero KB: 2679
index.html: 33 KB
OK: dashboard/ generado
lorca_intel.json generado
OK ficha_lorca.html | 12 KB | menores: 9960 | gasto: 16.793.078
OK ficha_malaga.html | 7 KB | menores: 1950 | gasto: 15.068.270
fichas generadas: 2
Traceback (most recent call last):
  File "/home/deploy/municipal-intel/gen_og_dinamico.py", line 14, in <module>
    raw = open("spain_path.txt").read()
          ^^^^^^^^^^^^^^^^^^^^^^
FileNotFoundError: [Errno 2] No such file or directory: 'spain_path.txt'
paginas municipio generadas: 8109
sitemap URLs: 8114
acerca.html generado: 6 KB
rss.xml generado: 42 items | 17987 bytes
paginas editoriales generadas: 103
sitemap actualizado con 114 URLs editoriales
regenerado OK (lorca_cambios=0 ine_cambios=0)
{"ok": true, "enviadas": []}alertas notificadas

=== 2026-09-11 05:30:02 ===
-- Lorca: trimestres nuevos?
PDFs publicados: 28 | ingeridos: 28 | nuevos: 0
-- INE: año nuevo?
INE año máximo: 2025 | BD año máximo: 2025
-- regeneración del sitio
export CSV OK: 235376 filas, 8127 municipios, 9.1 MB
total Espana 2025: 49,114,494
python3: can't open file '/home/deploy/municipal-intel/gen_export_dataset.py': [Errno 2] No such file or directory
catalogo: 8109
rankings.json OK
series: 8108 | fichero KB: 2679
index.html: 33 KB
OK: dashboard/ generado
lorca_intel.json generado
OK ficha_lorca.html | 12 KB | menores: 9960 | gasto: 16.793.078
OK ficha_malaga.html | 7 KB | menores: 1950 | gasto: 15.068.270
fichas generadas: 2
Traceback (most recent call last):
  File "/home/deploy/municipal-intel/gen_og_dinamico.py", line 14, in <module>
    raw = open("spain_path.txt").read()
          ^^^^^^^^^^^^^^^^^^^^^^
FileNotFoundError: [Errno 2] No such file or directory: 'spain_path.txt'
paginas municipio generadas: 8109
sitemap URLs: 8114
acerca.html generado: 6 KB
rss.xml generado: 42 items | 17987 bytes
paginas editoriales generadas: 103
sitemap actualizado con 114 URLs editoriales
regenerado OK (lorca_cambios=0 ine_cambios=0)
{"ok": true, "enviadas": []}alertas notificadas
